Archive member included to satisfy reference by file (symbol)

/Applications/STM32CubeIDE.app/Contents/Eclipse/plugins/com.st.stm32cube.ide.mcu.externaltools.gnu-tools-for-stm32.7-2018-q2-update.macos64_1.4.0.202007081208/tools/bin/../lib/gcc/arm-none-eabi/7.3.1/../../../../arm-none-eabi/lib/thumb/v7e-m/fpv4-sp/hard/libc_nano.a(lib_a-errno.o)
                              Core/Src/syscalls.o (__errno)
/Applications/STM32CubeIDE.app/Contents/Eclipse/plugins/com.st.stm32cube.ide.mcu.externaltools.gnu-tools-for-stm32.7-2018-q2-update.macos64_1.4.0.202007081208/tools/bin/../lib/gcc/arm-none-eabi/7.3.1/../../../../arm-none-eabi/lib/thumb/v7e-m/fpv4-sp/hard/libc_nano.a(lib_a-exit.o)
                              /Applications/STM32CubeIDE.app/Contents/Eclipse/plugins/com.st.stm32cube.ide.mcu.externaltools.gnu-tools-for-stm32.7-2018-q2-update.macos64_1.4.0.202007081208/tools/bin/../lib/gcc/arm-none-eabi/7.3.1/../../../../arm-none-eabi/lib/thumb/v7e-m/fpv4-sp/hard/crt0.o (exit)
/Applications/STM32CubeIDE.app/Contents/Eclipse/plugins/com.st.stm32cube.ide.mcu.externaltools.gnu-tools-for-stm32.7-2018-q2-update.macos64_1.4.0.202007081208/tools/bin/../lib/gcc/arm-none-eabi/7.3.1/../../../../arm-none-eabi/lib/thumb/v7e-m/fpv4-sp/hard/libc_nano.a(lib_a-impure.o)
                              /Applications/STM32CubeIDE.app/Contents/Eclipse/plugins/com.st.stm32cube.ide.mcu.externaltools.gnu-tools-for-stm32.7-2018-q2-update.macos64_1.4.0.202007081208/tools/bin/../lib/gcc/arm-none-eabi/7.3.1/../../../../arm-none-eabi/lib/thumb/v7e-m/fpv4-sp/hard/libc_nano.a(lib_a-exit.o) (_global_impure_ptr)
/Applications/STM32CubeIDE.app/Contents/Eclipse/plugins/com.st.stm32cube.ide.mcu.externaltools.gnu-tools-for-stm32.7-2018-q2-update.macos64_1.4.0.202007081208/tools/bin/../lib/gcc/arm-none-eabi/7.3.1/../../../../arm-none-eabi/lib/thumb/v7e-m/fpv4-sp/hard/libc_nano.a(lib_a-init.o)
                              /Applications/STM32CubeIDE.app/Contents/Eclipse/plugins/com.st.stm32cube.ide.mcu.externaltools.gnu-tools-for-stm32.7-2018-q2-update.macos64_1.4.0.202007081208/tools/bin/../lib/gcc/arm-none-eabi/7.3.1/../../../../arm-none-eabi/lib/thumb/v7e-m/fpv4-sp/hard/crt0.o (__libc_init_array)
/Applications/STM32CubeIDE.app/Contents/Eclipse/plugins/com.st.stm32cube.ide.mcu.externaltools.gnu-tools-for-stm32.7-2018-q2-update.macos64_1.4.0.202007081208/tools/bin/../lib/gcc/arm-none-eabi/7.3.1/../../../../arm-none-eabi/lib/thumb/v7e-m/fpv4-sp/hard/libc_nano.a(lib_a-memset.o)
                              /Applications/STM32CubeIDE.app/Contents/Eclipse/plugins/com.st.stm32cube.ide.mcu.externaltools.gnu-tools-for-stm32.7-2018-q2-update.macos64_1.4.0.202007081208/tools/bin/../lib/gcc/arm-none-eabi/7.3.1/../../../../arm-none-eabi/lib/thumb/v7e-m/fpv4-sp/hard/crt0.o (memset)
/Applications/STM32CubeIDE.app/Contents/Eclipse/plugins/com.st.stm32cube.ide.mcu.externaltools.gnu-tools-for-stm32.7-2018-q2-update.macos64_1.4.0.202007081208/tools/bin/../lib/gcc/arm-none-eabi/7.3.1/../../../../arm-none-eabi/lib/thumb/v7e-m/fpv4-sp/hard/libc_nano.a(lib_a-strlen.o)
                              external/CC1120/cc1120.o (strlen)
/Applications/STM32CubeIDE.app/Contents/Eclipse/plugins/com.st.stm32cube.ide.mcu.externaltools.gnu-tools-for-stm32.7-2018-q2-update.macos64_1.4.0.202007081208/tools/bin/../lib/gcc/arm-none-eabi/7.3.1/thumb/v7e-m/fpv4-sp/hard/libgcc.a(_aeabi_uldivmod.o)
                              Drivers/STM32F4xx_HAL_Driver/Src/stm32f4xx_hal_rcc.o (__aeabi_uldivmod)
/Applications/STM32CubeIDE.app/Contents/Eclipse/plugins/com.st.stm32cube.ide.mcu.externaltools.gnu-tools-for-stm32.7-2018-q2-update.macos64_1.4.0.202007081208/tools/bin/../lib/gcc/arm-none-eabi/7.3.1/thumb/v7e-m/fpv4-sp/hard/libgcc.a(_udivmoddi4.o)
                              /Applications/STM32CubeIDE.app/Contents/Eclipse/plugins/com.st.stm32cube.ide.mcu.externaltools.gnu-tools-for-stm32.7-2018-q2-update.macos64_1.4.0.202007081208/tools/bin/../lib/gcc/arm-none-eabi/7.3.1/thumb/v7e-m/fpv4-sp/hard/libgcc.a(_aeabi_uldivmod.o) (__udivmoddi4)
/Applications/STM32CubeIDE.app/Contents/Eclipse/plugins/com.st.stm32cube.ide.mcu.externaltools.gnu-tools-for-stm32.7-2018-q2-update.macos64_1.4.0.202007081208/tools/bin/../lib/gcc/arm-none-eabi/7.3.1/thumb/v7e-m/fpv4-sp/hard/libgcc.a(_dvmd_tls.o)
                              /Applications/STM32CubeIDE.app/Contents/Eclipse/plugins/com.st.stm32cube.ide.mcu.externaltools.gnu-tools-for-stm32.7-2018-q2-update.macos64_1.4.0.202007081208/tools/bin/../lib/gcc/arm-none-eabi/7.3.1/thumb/v7e-m/fpv4-sp/hard/libgcc.a(_aeabi_uldivmod.o) (__aeabi_ldiv0)

Allocating common symbols
Common symbol       size              file

hspi2               0x58              Core/Src/main.o
uwTick              0x4               Drivers/STM32F4xx_HAL_Driver/Src/stm32f4xx_hal.o
pFlash              0x20              Drivers/STM32F4xx_HAL_Driver/Src/stm32f4xx_hal_flash.o
huart2              0x40              Core/Src/main.o

Discarded input sections

[...]
Memory Configuration

Name             Origin             Length             Attributes
RAM              0x0000000020000000 0x0000000000020000 xrw
FLASH            0x0000000008000000 0x0000000000080000 xr
*default*        0x0000000000000000 0xffffffffffffffff

Linker script and memory map

LOAD /Applications/STM32CubeIDE.app/Contents/Eclipse/plugins/com.st.stm32cube.ide.mcu.externaltools.gnu-tools-for-stm32.7-2018-q2-update.macos64_1.4.0.202007081208/tools/bin/../lib/gcc/arm-none-eabi/7.3.1/thumb/v7e-m/fpv4-sp/hard/crti.o
LOAD /Applications/STM32CubeIDE.app/Contents/Eclipse/plugins/com.st.stm32cube.ide.mcu.externaltools.gnu-tools-for-stm32.7-2018-q2-update.macos64_1.4.0.202007081208/tools/bin/../lib/gcc/arm-none-eabi/7.3.1/thumb/v7e-m/fpv4-sp/hard/crtbegin.o
LOAD /Applications/STM32CubeIDE.app/Contents/Eclipse/plugins/com.st.stm32cube.ide.mcu.externaltools.gnu-tools-for-stm32.7-2018-q2-update.macos64_1.4.0.202007081208/tools/bin/../lib/gcc/arm-none-eabi/7.3.1/../../../../arm-none-eabi/lib/thumb/v7e-m/fpv4-sp/hard/crt0.o
LOAD Core/Src/main.o
LOAD Core/Src/stm32f4xx_hal_msp.o
LOAD Core/Src/stm32f4xx_it.o
LOAD Core/Src/syscalls.o
LOAD Core/Src/sysmem.o
LOAD Core/Src/system_stm32f4xx.o
LOAD Core/Startup/startup_stm32f446retx.o
LOAD Drivers/STM32F4xx_HAL_Driver/Src/stm32f4xx_hal.o
LOAD Drivers/STM32F4xx_HAL_Driver/Src/stm32f4xx_hal_cortex.o
LOAD Drivers/STM32F4xx_HAL_Driver/Src/stm32f4xx_hal_dma.o
LOAD Drivers/STM32F4xx_HAL_Driver/Src/stm32f4xx_hal_dma_ex.o
LOAD Drivers/STM32F4xx_HAL_Driver/Src/stm32f4xx_hal_exti.o
LOAD Drivers/STM32F4xx_HAL_Driver/Src/stm32f4xx_hal_flash.o
LOAD Drivers/STM32F4xx_HAL_Driver/Src/stm32f4xx_hal_flash_ex.o
LOAD Drivers/STM32F4xx_HAL_Driver/Src/stm32f4xx_hal_flash_ramfunc.o
LOAD Drivers/STM32F4xx_HAL_Driver/Src/stm32f4xx_hal_gpio.o
LOAD Drivers/STM32F4xx_HAL_Driver/Src/stm32f4xx_hal_pwr.o
LOAD Drivers/STM32F4xx_HAL_Driver/Src/stm32f4xx_hal_pwr_ex.o
LOAD Drivers/STM32F4xx_HAL_Driver/Src/stm32f4xx_hal_rcc.o
LOAD Drivers/STM32F4xx_HAL_Driver/Src/stm32f4xx_hal_rcc_ex.o
LOAD Drivers/STM32F4xx_HAL_Driver/Src/stm32f4xx_hal_spi.o
LOAD Drivers/STM32F4xx_HAL_Driver/Src/stm32f4xx_hal_tim.o
LOAD Drivers/STM32F4xx_HAL_Driver/Src/stm32f4xx_hal_tim_ex.o
LOAD Drivers/STM32F4xx_HAL_Driver/Src/stm32f4xx_hal_uart.o
LOAD external/CC1120/cc1120.o
START GROUP
LOAD /Applications/STM32CubeIDE.app/Contents/Eclipse/plugins/com.st.stm32cube.ide.mcu.externaltools.gnu-tools-for-stm32.7-2018-q2-update.macos64_1.4.0.202007081208/tools/bin/../lib/gcc/arm-none-eabi/7.3.1/../../../../arm-none-eabi/lib/thumb/v7e-m/fpv4-sp/hard/libc_nano.a
LOAD /Applications/STM32CubeIDE.app/Contents/Eclipse/plugins/com.st.stm32cube.ide.mcu.externaltools.gnu-tools-for-stm32.7-2018-q2-update.macos64_1.4.0.202007081208/tools/bin/../lib/gcc/arm-none-eabi/7.3.1/../../../../arm-none-eabi/lib/thumb/v7e-m/fpv4-sp/hard/libm.a
END GROUP
START GROUP
LOAD /Applications/STM32CubeIDE.app/Contents/Eclipse/plugins/com.st.stm32cube.ide.mcu.externaltools.gnu-tools-for-stm32.7-2018-q2-update.macos64_1.4.0.202007081208/tools/bin/../lib/gcc/arm-none-eabi/7.3.1/thumb/v7e-m/fpv4-sp/hard/libgcc.a
LOAD /Applications/STM32CubeIDE.app/Contents/Eclipse/plugins/com.st.stm32cube.ide.mcu.externaltools.gnu-tools-for-stm32.7-2018-q2-update.macos64_1.4.0.202007081208/tools/bin/../lib/gcc/arm-none-eabi/7.3.1/../../../../arm-none-eabi/lib/thumb/v7e-m/fpv4-sp/hard/libc_nano.a
END GROUP
START GROUP
LOAD /Applications/STM32CubeIDE.app/Contents/Eclipse/plugins/com.st.stm32cube.ide.mcu.externaltools.gnu-tools-for-stm32.7-2018-q2-update.macos64_1.4.0.202007081208/tools/bin/../lib/gcc/arm-none-eabi/7.3.1/thumb/v7e-m/fpv4-sp/hard/libgcc.a
LOAD /Applications/STM32CubeIDE.app/Contents/Eclipse/plugins/com.st.stm32cube.ide.mcu.externaltools.gnu-tools-for-stm32.7-2018-q2-update.macos64_1.4.0.202007081208/tools/bin/../lib/gcc/arm-none-eabi/7.3.1/../../../../arm-none-eabi/lib/thumb/v7e-m/fpv4-sp/hard/libc_nano.a
LOAD /Applications/STM32CubeIDE.app/Contents/Eclipse/plugins/com.st.stm32cube.ide.mcu.externaltools.gnu-tools-for-stm32.7-2018-q2-update.macos64_1.4.0.202007081208/tools/bin/../lib/gcc/arm-none-eabi/7.3.1/../../../../arm-none-eabi/lib/thumb/v7e-m/fpv4-sp/hard/libnosys.a
END GROUP
START GROUP
LOAD /Applications/STM32CubeIDE.app/Contents/Eclipse/plugins/com.st.stm32cube.ide.mcu.externaltools.gnu-tools-for-stm32.7-2018-q2-update.macos64_1.4.0.202007081208/tools/bin/../lib/gcc/arm-none-eabi/7.3.1/thumb/v7e-m/fpv4-sp/hard/libgcc.a
LOAD /Applications/STM32CubeIDE.app/Contents/Eclipse/plugins/com.st.stm32cube.ide.mcu.externaltools.gnu-tools-for-stm32.7-2018-q2-update.macos64_1.4.0.202007081208/tools/bin/../lib/gcc/arm-none-eabi/7.3.1/../../../../arm-none-eabi/lib/thumb/v7e-m/fpv4-sp/hard/libc_nano.a
LOAD /Applications/STM32CubeIDE.app/Contents/Eclipse/plugins/com.st.stm32cube.ide.mcu.externaltools.gnu-tools-for-stm32.7-2018-q2-update.macos64_1.4.0.202007081208/tools/bin/../lib/gcc/arm-none-eabi/7.3.1/../../../../arm-none-eabi/lib/thumb/v7e-m/fpv4-sp/hard/libnosys.a
END GROUP
LOAD /Applications/STM32CubeIDE.app/Contents/Eclipse/plugins/com.st.stm32cube.ide.mcu.externaltools.gnu-tools-for-stm32.7-2018-q2-update.macos64_1.4.0.202007081208/tools/bin/../lib/gcc/arm-none-eabi/7.3.1/thumb/v7e-m/fpv4-sp/hard/crtend.o
LOAD /Applications/STM32CubeIDE.app/Contents/Eclipse/plugins/com.st.stm32cube.ide.mcu.externaltools.gnu-tools-for-stm32.7-2018-q2-update.macos64_1.4.0.202007081208/tools/bin/../lib/gcc/arm-none-eabi/7.3.1/thumb/v7e-m/fpv4-sp/hard/crtn.o
                0x0000000020020000                _estack = (ORIGIN (RAM) + LENGTH (RAM))
                0x0000000000000200                _Min_Heap_Size = 0x200
                0x0000000000000400                _Min_Stack_Size = 0x400

.isr_vector     0x0000000008000000      0x1c4
                0x0000000008000000                . = ALIGN (0x4)
 *(.isr_vector)
 .isr_vector    0x0000000008000000      0x1c4 Core/Startup/startup_stm32f446retx.o
                0x0000000008000000                g_pfnVectors
                0x00000000080001c4                . = ALIGN (0x4)

.text           0x00000000080001c4     0x241c
                0x00000000080001c4                . = ALIGN (0x4)
 *(.text)
 .text          0x00000000080001c4       0x40 /Applications/STM32CubeIDE.app/Contents/Eclipse/plugins/com.st.stm32cube.ide.mcu.externaltools.gnu-tools-for-stm32.7-2018-q2-update.macos64_1.4.0.202007081208/tools/bin/../lib/gcc/arm-none-eabi/7.3.1/thumb/v7e-m/fpv4-sp/hard/crtbegin.o
 .text          0x0000000008000204       0x10 /Applications/STM32CubeIDE.app/Contents/Eclipse/plugins/com.st.stm32cube.ide.mcu.externaltools.gnu-tools-for-stm32.7-2018-q2-update.macos64_1.4.0.202007081208/tools/bin/../lib/gcc/arm-none-eabi/7.3.1/../../../../arm-none-eabi/lib/thumb/v7e-m/fpv4-sp/hard/libc_nano.a(lib_a-strlen.o)
                0x0000000008000204                strlen
 .text          0x0000000008000214       0x30 /Applications/STM32CubeIDE.app/Contents/Eclipse/plugins/com.st.stm32cube.ide.mcu.externaltools.gnu-tools-for-stm32.7-2018-q2-update.macos64_1.4.0.202007081208/tools/bin/../lib/gcc/arm-none-eabi/7.3.1/thumb/v7e-m/fpv4-sp/hard/libgcc.a(_aeabi_uldivmod.o)
                0x0000000008000214                __aeabi_uldivmod
 .text          0x0000000008000244      0x2cc /Applications/STM32CubeIDE.app/Contents/Eclipse/plugins/com.st.stm32cube.ide.mcu.externaltools.gnu-tools-for-stm32.7-2018-q2-update.macos64_1.4.0.202007081208/tools/bin/../lib/gcc/arm-none-eabi/7.3.1/thumb/v7e-m/fpv4-sp/hard/libgcc.a(_udivmoddi4.o)
                0x0000000008000244                __udivmoddi4
 .text          0x0000000008000510        0x4 /Applications/STM32CubeIDE.app/Contents/Eclipse/plugins/com.st.stm32cube.ide.mcu.externaltools.gnu-tools-for-stm32.7-2018-q2-update.macos64_1.4.0.202007081208/tools/bin/../lib/gcc/arm-none-eabi/7.3.1/thumb/v7e-m/fpv4-sp/hard/libgcc.a(_dvmd_tls.o)
                0x0000000008000510                __aeabi_ldiv0
                0x0000000008000510                __aeabi_idiv0
 *(.text*)
 .text.main     0x0000000008000514       0x74 Core/Src/main.o
                0x0000000008000514                main
 .text.SystemClock_Config
                0x0000000008000588       0xdc Core/Src/main.o
                0x0000000008000588                SystemClock_Config
 .text.MX_SPI2_Init
                0x0000000008000664       0x6c Core/Src/main.o
 .text.MX_USART2_UART_Init
                0x00000000080006d0       0x54 Core/Src/main.o
 .text.MX_GPIO_Init
                0x0000000008000724      0x10c Core/Src/main.o
 .text.Error_Handler
                0x0000000008000830        0xe Core/Src/main.o
                0x0000000008000830                Error_Handler
 *fill*         0x000000000800083e        0x2 
 .text.HAL_MspInit
                0x0000000008000840       0x50 Core/Src/stm32f4xx_hal_msp.o
                0x0000000008000840                HAL_MspInit
 .text.HAL_SPI_MspInit
                0x0000000008000890       0x90 Core/Src/stm32f4xx_hal_msp.o
                0x0000000008000890                HAL_SPI_MspInit
 .text.HAL_UART_MspInit
                0x0000000008000920       0x90 Core/Src/stm32f4xx_hal_msp.o
                0x0000000008000920                HAL_UART_MspInit
 .text.NMI_Handler
                0x00000000080009b0        0xe Core/Src/stm32f4xx_it.o
                0x00000000080009b0                NMI_Handler
 .text.HardFault_Handler
                0x00000000080009be        0x6 Core/Src/stm32f4xx_it.o
                0x00000000080009be                HardFault_Handler
 .text.MemManage_Handler
                0x00000000080009c4        0x6 Core/Src/stm32f4xx_it.o
                0x00000000080009c4                MemManage_Handler
 .text.BusFault_Handler
                0x00000000080009ca        0x6 Core/Src/stm32f4xx_it.o
                0x00000000080009ca                BusFault_Handler
 .text.UsageFault_Handler
                0x00000000080009d0        0x6 Core/Src/stm32f4xx_it.o
                0x00000000080009d0                UsageFault_Handler
 .text.SVC_Handler
                0x00000000080009d6        0xe Core/Src/stm32f4xx_it.o
                0x00000000080009d6                SVC_Handler
 .text.DebugMon_Handler
                0x00000000080009e4        0xe Core/Src/stm32f4xx_it.o
                0x00000000080009e4                DebugMon_Handler
 .text.PendSV_Handler
                0x00000000080009f2        0xe Core/Src/stm32f4xx_it.o
                0x00000000080009f2                PendSV_Handler
 .text.SysTick_Handler
                0x0000000008000a00        0xc Core/Src/stm32f4xx_it.o
                0x0000000008000a00                SysTick_Handler
 .text.SystemInit
                0x0000000008000a0c       0x2c Core/Src/system_stm32f4xx.o
                0x0000000008000a0c                SystemInit
 .text.Reset_Handler
                0x0000000008000a38       0x50 Core/Startup/startup_stm32f446retx.o
                0x0000000008000a38                Reset_Handler
 .text.Default_Handler
                0x0000000008000a88        0x2 Core/Startup/startup_stm32f446retx.o
                0x0000000008000a88                DMA1_Stream3_IRQHandler
                0x0000000008000a88                EXTI2_IRQHandler
                0x0000000008000a88                TIM8_CC_IRQHandler
                0x0000000008000a88                FMPI2C1_EV_IRQHandler
                0x0000000008000a88                SPI4_IRQHandler
                0x0000000008000a88                TIM1_CC_IRQHandler
                0x0000000008000a88                DMA2_Stream5_IRQHandler
                0x0000000008000a88                DMA1_Stream5_IRQHandler
                0x0000000008000a88                PVD_IRQHandler
                0x0000000008000a88                SDIO_IRQHandler
                0x0000000008000a88                TAMP_STAMP_IRQHandler
                0x0000000008000a88                CAN2_RX1_IRQHandler
                0x0000000008000a88                EXTI3_IRQHandler
                0x0000000008000a88                TIM8_TRG_COM_TIM14_IRQHandler
                0x0000000008000a88                TIM1_UP_TIM10_IRQHandler
                0x0000000008000a88                TIM8_UP_TIM13_IRQHandler
                0x0000000008000a88                I2C3_ER_IRQHandler
                0x0000000008000a88                EXTI0_IRQHandler
                0x0000000008000a88                I2C2_EV_IRQHandler
                0x0000000008000a88                DMA1_Stream2_IRQHandler
                0x0000000008000a88                CAN1_RX0_IRQHandler
                0x0000000008000a88                FPU_IRQHandler
                0x0000000008000a88                OTG_HS_WKUP_IRQHandler
                0x0000000008000a88                CAN2_SCE_IRQHandler
                0x0000000008000a88                DMA2_Stream2_IRQHandler
                0x0000000008000a88                SPI1_IRQHandler
                0x0000000008000a88                TIM6_DAC_IRQHandler
                0x0000000008000a88                TIM1_BRK_TIM9_IRQHandler
                0x0000000008000a88                DCMI_IRQHandler
                0x0000000008000a88                CAN2_RX0_IRQHandler
                0x0000000008000a88                DMA2_Stream3_IRQHandler
                0x0000000008000a88                SAI2_IRQHandler
                0x0000000008000a88                USART6_IRQHandler
                0x0000000008000a88                USART3_IRQHandler
                0x0000000008000a88                CAN1_RX1_IRQHandler
                0x0000000008000a88                UART5_IRQHandler
                0x0000000008000a88                DMA2_Stream0_IRQHandler
                0x0000000008000a88                TIM4_IRQHandler
                0x0000000008000a88                QUADSPI_IRQHandler
                0x0000000008000a88                I2C1_EV_IRQHandler
                0x0000000008000a88                DMA1_Stream6_IRQHandler
                0x0000000008000a88                DMA1_Stream1_IRQHandler
                0x0000000008000a88                UART4_IRQHandler
                0x0000000008000a88                TIM3_IRQHandler
                0x0000000008000a88                RCC_IRQHandler
                0x0000000008000a88                TIM8_BRK_TIM12_IRQHandler
                0x0000000008000a88                Default_Handler
                0x0000000008000a88                CEC_IRQHandler
                0x0000000008000a88                EXTI15_10_IRQHandler
                0x0000000008000a88                ADC_IRQHandler
                0x0000000008000a88                DMA1_Stream7_IRQHandler
                0x0000000008000a88                TIM7_IRQHandler
                0x0000000008000a88                CAN2_TX_IRQHandler
                0x0000000008000a88                TIM5_IRQHandler
                0x0000000008000a88                DMA2_Stream7_IRQHandler
                0x0000000008000a88                I2C3_EV_IRQHandler
                0x0000000008000a88                EXTI9_5_IRQHandler
                0x0000000008000a88                RTC_WKUP_IRQHandler
                0x0000000008000a88                SPDIF_RX_IRQHandler
                0x0000000008000a88                SPI2_IRQHandler
                0x0000000008000a88                OTG_HS_EP1_IN_IRQHandler
                0x0000000008000a88                DMA1_Stream0_IRQHandler
                0x0000000008000a88                CAN1_TX_IRQHandler
                0x0000000008000a88                FMPI2C1_ER_IRQHandler
                0x0000000008000a88                EXTI4_IRQHandler
                0x0000000008000a88                OTG_HS_EP1_OUT_IRQHandler
                0x0000000008000a88                WWDG_IRQHandler
                0x0000000008000a88                TIM2_IRQHandler
                0x0000000008000a88                OTG_FS_WKUP_IRQHandler
                0x0000000008000a88                TIM1_TRG_COM_TIM11_IRQHandler
                0x0000000008000a88                OTG_HS_IRQHandler
                0x0000000008000a88                EXTI1_IRQHandler
                0x0000000008000a88                USART2_IRQHandler
                0x0000000008000a88                I2C2_ER_IRQHandler
                0x0000000008000a88                DMA2_Stream1_IRQHandler
                0x0000000008000a88                CAN1_SCE_IRQHandler
                0x0000000008000a88                FLASH_IRQHandler
                0x0000000008000a88                DMA2_Stream4_IRQHandler
                0x0000000008000a88                USART1_IRQHandler
                0x0000000008000a88                OTG_FS_IRQHandler
                0x0000000008000a88                SPI3_IRQHandler
                0x0000000008000a88                DMA1_Stream4_IRQHandler
                0x0000000008000a88                I2C1_ER_IRQHandler
                0x0000000008000a88                FMC_IRQHandler
                0x0000000008000a88                DMA2_Stream6_IRQHandler
                0x0000000008000a88                SAI1_IRQHandler
                0x0000000008000a88                RTC_Alarm_IRQHandler
 *fill*         0x0000000008000a8a        0x2 
 .text.HAL_Init
                0x0000000008000a8c       0x44 Drivers/STM32F4xx_HAL_Driver/Src/stm32f4xx_hal.o
                0x0000000008000a8c                HAL_Init
 .text.HAL_InitTick
                0x0000000008000ad0       0x60 Drivers/STM32F4xx_HAL_Driver/Src/stm32f4xx_hal.o
                0x0000000008000ad0                HAL_InitTick
 .text.HAL_IncTick
                0x0000000008000b30       0x28 Drivers/STM32F4xx_HAL_Driver/Src/stm32f4xx_hal.o
                0x0000000008000b30                HAL_IncTick
 .text.HAL_GetTick
                0x0000000008000b58       0x18 Drivers/STM32F4xx_HAL_Driver/Src/stm32f4xx_hal.o
                0x0000000008000b58                HAL_GetTick
 .text.HAL_Delay
                0x0000000008000b70       0x44 Drivers/STM32F4xx_HAL_Driver/Src/stm32f4xx_hal.o
                0x0000000008000b70                HAL_Delay
 .text.__NVIC_SetPriorityGrouping
                0x0000000008000bb4       0x48 Drivers/STM32F4xx_HAL_Driver/Src/stm32f4xx_hal_cortex.o
 .text.__NVIC_GetPriorityGrouping
                0x0000000008000bfc       0x1c Drivers/STM32F4xx_HAL_Driver/Src/stm32f4xx_hal_cortex.o
 .text.__NVIC_SetPriority
                0x0000000008000c18       0x54 Drivers/STM32F4xx_HAL_Driver/Src/stm32f4xx_hal_cortex.o
 .text.NVIC_EncodePriority
                0x0000000008000c6c       0x66 Drivers/STM32F4xx_HAL_Driver/Src/stm32f4xx_hal_cortex.o
 *fill*         0x0000000008000cd2        0x2 
 .text.SysTick_Config
                0x0000000008000cd4       0x44 Drivers/STM32F4xx_HAL_Driver/Src/stm32f4xx_hal_cortex.o
 .text.HAL_NVIC_SetPriorityGrouping
                0x0000000008000d18       0x16 Drivers/STM32F4xx_HAL_Driver/Src/stm32f4xx_hal_cortex.o
                0x0000000008000d18                HAL_NVIC_SetPriorityGrouping
 .text.HAL_NVIC_SetPriority
                0x0000000008000d2e       0x38 Drivers/STM32F4xx_HAL_Driver/Src/stm32f4xx_hal_cortex.o
                0x0000000008000d2e                HAL_NVIC_SetPriority
 .text.HAL_SYSTICK_Config
                0x0000000008000d66       0x18 Drivers/STM32F4xx_HAL_Driver/Src/stm32f4xx_hal_cortex.o
                0x0000000008000d66                HAL_SYSTICK_Config
 *fill*         0x0000000008000d7e        0x2 
 .text.HAL_GPIO_Init
                0x0000000008000d80      0x324 Drivers/STM32F4xx_HAL_Driver/Src/stm32f4xx_hal_gpio.o
                0x0000000008000d80                HAL_GPIO_Init
 .text.HAL_GPIO_WritePin
                0x00000000080010a4       0x32 Drivers/STM32F4xx_HAL_Driver/Src/stm32f4xx_hal_gpio.o
                0x00000000080010a4                HAL_GPIO_WritePin
 *fill*         0x00000000080010d6        0x2 
 .text.HAL_RCC_ClockConfig
                0x00000000080010d8      0x1cc Drivers/STM32F4xx_HAL_Driver/Src/stm32f4xx_hal_rcc.o
                0x00000000080010d8                HAL_RCC_ClockConfig
 .text.HAL_RCC_GetHCLKFreq
                0x00000000080012a4       0x18 Drivers/STM32F4xx_HAL_Driver/Src/stm32f4xx_hal_rcc.o
                0x00000000080012a4                HAL_RCC_GetHCLKFreq
 .text.HAL_RCC_GetPCLK1Freq
                0x00000000080012bc       0x28 Drivers/STM32F4xx_HAL_Driver/Src/stm32f4xx_hal_rcc.o
                0x00000000080012bc                HAL_RCC_GetPCLK1Freq
 .text.HAL_RCC_GetPCLK2Freq
                0x00000000080012e4       0x28 Drivers/STM32F4xx_HAL_Driver/Src/stm32f4xx_hal_rcc.o
                0x00000000080012e4                HAL_RCC_GetPCLK2Freq
 .text.HAL_RCC_GetSysClockFreq
                0x000000000800130c      0x340 Drivers/STM32F4xx_HAL_Driver/Src/stm32f4xx_hal_rcc_ex.o
                0x000000000800130c                HAL_RCC_GetSysClockFreq
 .text.HAL_RCC_OscConfig
                0x000000000800164c      0x4b4 Drivers/STM32F4xx_HAL_Driver/Src/stm32f4xx_hal_rcc_ex.o
                0x000000000800164c                HAL_RCC_OscConfig
 .text.HAL_SPI_Init
                0x0000000008001b00       0xc8 Drivers/STM32F4xx_HAL_Driver/Src/stm32f4xx_hal_spi.o
                0x0000000008001b00                HAL_SPI_Init
 .text.HAL_UART_Init
                0x0000000008001bc8       0x9a Drivers/STM32F4xx_HAL_Driver/Src/stm32f4xx_hal_uart.o
                0x0000000008001bc8                HAL_UART_Init
 .text.HAL_UART_Transmit
                0x0000000008001c62      0x132 Drivers/STM32F4xx_HAL_Driver/Src/stm32f4xx_hal_uart.o
                0x0000000008001c62                HAL_UART_Transmit
 .text.UART_WaitOnFlagUntilTimeout
                0x0000000008001d94       0x94 Drivers/STM32F4xx_HAL_Driver/Src/stm32f4xx_hal_uart.o
 .text.UART_SetConfig
                0x0000000008001e28      0x6f8 Drivers/STM32F4xx_HAL_Driver/Src/stm32f4xx_hal_uart.o
 .text.UARTInit
                0x0000000008002520       0x20 external/CC1120/cc1120.o
                0x0000000008002520                UARTInit
 .text.printToTerminal
                0x0000000008002540       0x30 external/CC1120/cc1120.o
                0x0000000008002540                printToTerminal
 .text.__libc_init_array
                0x0000000008002570       0x48 /Applications/STM32CubeIDE.app/Contents/Eclipse/plugins/com.st.stm32cube.ide.mcu.externaltools.gnu-tools-for-stm32.7-2018-q2-update.macos64_1.4.0.202007081208/tools/bin/../lib/gcc/arm-none-eabi/7.3.1/../../../../arm-none-eabi/lib/thumb/v7e-m/fpv4-sp/hard/libc_nano.a(lib_a-init.o)
                0x0000000008002570                __libc_init_array
 .text.memset   0x00000000080025b8       0x10 /Applications/STM32CubeIDE.app/Contents/Eclipse/plugins/com.st.stm32cube.ide.mcu.externaltools.gnu-tools-for-stm32.7-2018-q2-update.macos64_1.4.0.202007081208/tools/bin/../lib/gcc/arm-none-eabi/7.3.1/../../../../arm-none-eabi/lib/thumb/v7e-m/fpv4-sp/hard/libc_nano.a(lib_a-memset.o)
                0x00000000080025b8                memset
 *(.glue_7)
 .glue_7        0x00000000080025c8        0x0 linker stubs
 *(.glue_7t)
 .glue_7t       0x00000000080025c8        0x0 linker stubs
 *(.eh_frame)
 .eh_frame      0x00000000080025c8        0x0 /Applications/STM32CubeIDE.app/Contents/Eclipse/plugins/com.st.stm32cube.ide.mcu.externaltools.gnu-tools-for-stm32.7-2018-q2-update.macos64_1.4.0.202007081208/tools/bin/../lib/gcc/arm-none-eabi/7.3.1/thumb/v7e-m/fpv4-sp/hard/crtbegin.o
 *(.init)
 .init          0x00000000080025c8        0x4 /Applications/STM32CubeIDE.app/Contents/Eclipse/plugins/com.st.stm32cube.ide.mcu.externaltools.gnu-tools-for-stm32.7-2018-q2-update.macos64_1.4.0.202007081208/tools/bin/../lib/gcc/arm-none-eabi/7.3.1/thumb/v7e-m/fpv4-sp/hard/crti.o
                0x00000000080025c8                _init
 .init          0x00000000080025cc        0x8 /Applications/STM32CubeIDE.app/Contents/Eclipse/plugins/com.st.stm32cube.ide.mcu.externaltools.gnu-tools-for-stm32.7-2018-q2-update.macos64_1.4.0.202007081208/tools/bin/../lib/gcc/arm-none-eabi/7.3.1/thumb/v7e-m/fpv4-sp/hard/crtn.o
 *(.fini)
 .fini          0x00000000080025d4        0x4 /Applications/STM32CubeIDE.app/Contents/Eclipse/plugins/com.st.stm32cube.ide.mcu.externaltools.gnu-tools-for-stm32.7-2018-q2-update.macos64_1.4.0.202007081208/tools/bin/../lib/gcc/arm-none-eabi/7.3.1/thumb/v7e-m/fpv4-sp/hard/crti.o
                0x00000000080025d4                _fini
 .fini          0x00000000080025d8        0x8 /Applications/STM32CubeIDE.app/Contents/Eclipse/plugins/com.st.stm32cube.ide.mcu.externaltools.gnu-tools-for-stm32.7-2018-q2-update.macos64_1.4.0.202007081208/tools/bin/../lib/gcc/arm-none-eabi/7.3.1/thumb/v7e-m/fpv4-sp/hard/crtn.o
                0x00000000080025e0                . = ALIGN (0x4)
                0x00000000080025e0                _etext = .

.vfp11_veneer   0x00000000080025e0        0x0
 .vfp11_veneer  0x00000000080025e0        0x0 linker stubs

.v4_bx          0x00000000080025e0        0x0
 .v4_bx         0x00000000080025e0        0x0 linker stubs

.iplt           0x00000000080025e0        0x0
 .iplt          0x00000000080025e0        0x0 /Applications/STM32CubeIDE.app/Contents/Eclipse/plugins/com.st.stm32cube.ide.mcu.externaltools.gnu-tools-for-stm32.7-2018-q2-update.macos64_1.4.0.202007081208/tools/bin/../lib/gcc/arm-none-eabi/7.3.1/thumb/v7e-m/fpv4-sp/hard/crtbegin.o

.rodata         0x00000000080025e0       0x3c
                0x00000000080025e0                . = ALIGN (0x4)
 *(.rodata)
 .rodata        0x00000000080025e0       0x21 Core/Src/main.o
 *(.rodata*)
 *fill*         0x0000000008002601        0x3 
 .rodata.AHBPrescTable
                0x0000000008002604       0x10 Core/Src/system_stm32f4xx.o
                0x0000000008002604                AHBPrescTable
 .rodata.APBPrescTable
                0x0000000008002614        0x8 Core/Src/system_stm32f4xx.o
                0x0000000008002614                APBPrescTable
                0x000000000800261c                . = ALIGN (0x4)

.ARM.extab      0x000000000800261c        0x0
                0x000000000800261c                . = ALIGN (0x4)
 *(.ARM.extab* .gnu.linkonce.armextab.*)
                0x000000000800261c                . = ALIGN (0x4)

.ARM            0x000000000800261c        0x8
                0x000000000800261c                . = ALIGN (0x4)
                0x000000000800261c                __exidx_start = .
 *(.ARM.exidx*)
 .ARM.exidx     0x000000000800261c        0x8 /Applications/STM32CubeIDE.app/Contents/Eclipse/plugins/com.st.stm32cube.ide.mcu.externaltools.gnu-tools-for-stm32.7-2018-q2-update.macos64_1.4.0.202007081208/tools/bin/../lib/gcc/arm-none-eabi/7.3.1/thumb/v7e-m/fpv4-sp/hard/libgcc.a(_udivmoddi4.o)
                0x0000000008002624                __exidx_end = .
                0x0000000008002624                . = ALIGN (0x4)

.rel.dyn        0x0000000008002624        0x0
 .rel.iplt      0x0000000008002624        0x0 /Applications/STM32CubeIDE.app/Contents/Eclipse/plugins/com.st.stm32cube.ide.mcu.externaltools.gnu-tools-for-stm32.7-2018-q2-update.macos64_1.4.0.202007081208/tools/bin/../lib/gcc/arm-none-eabi/7.3.1/thumb/v7e-m/fpv4-sp/hard/crtbegin.o

.preinit_array  0x0000000008002624        0x0
                0x0000000008002624                . = ALIGN (0x4)
                0x0000000008002624                PROVIDE (__preinit_array_start = .)
 *(.preinit_array*)
                0x0000000008002624                PROVIDE (__preinit_array_end = .)
                0x0000000008002624                . = ALIGN (0x4)

.init_array     0x0000000008002624        0x4
                0x0000000008002624                . = ALIGN (0x4)
                0x0000000008002624                PROVIDE (__init_array_start = .)
 *(SORT_BY_NAME(.init_array.*))
 *(.init_array*)
 .init_array    0x0000000008002624        0x4 /Applications/STM32CubeIDE.app/Contents/Eclipse/plugins/com.st.stm32cube.ide.mcu.externaltools.gnu-tools-for-stm32.7-2018-q2-update.macos64_1.4.0.202007081208/tools/bin/../lib/gcc/arm-none-eabi/7.3.1/thumb/v7e-m/fpv4-sp/hard/crtbegin.o
                0x0000000008002628                PROVIDE (__init_array_end = .)
                0x0000000008002628                . = ALIGN (0x4)

.fini_array     0x0000000008002628        0x4
                0x0000000008002628                . = ALIGN (0x4)
                [!provide]                        PROVIDE (__fini_array_start = .)
 *(SORT_BY_NAME(.fini_array.*))
 *(.fini_array*)
 .fini_array    0x0000000008002628        0x4 /Applications/STM32CubeIDE.app/Contents/Eclipse/plugins/com.st.stm32cube.ide.mcu.externaltools.gnu-tools-for-stm32.7-2018-q2-update.macos64_1.4.0.202007081208/tools/bin/../lib/gcc/arm-none-eabi/7.3.1/thumb/v7e-m/fpv4-sp/hard/crtbegin.o
                [!provide]                        PROVIDE (__fini_array_end = .)
                0x000000000800262c                . = ALIGN (0x4)
                0x000000000800262c                _sidata = LOADADDR (.data)

.data           0x0000000020000000        0xc load address 0x000000000800262c
                0x0000000020000000                . = ALIGN (0x4)
                0x0000000020000000                _sdata = .
 *(.data)
 *(.data*)
 .data.SystemCoreClock
                0x0000000020000000        0x4 Core/Src/system_stm32f4xx.o
                0x0000000020000000                SystemCoreClock
 .data.uwTickPrio
                0x0000000020000004        0x4 Drivers/STM32F4xx_HAL_Driver/Src/stm32f4xx_hal.o
                0x0000000020000004                uwTickPrio
 .data.uwTickFreq
                0x0000000020000008        0x1 Drivers/STM32F4xx_HAL_Driver/Src/stm32f4xx_hal.o
                0x0000000020000008                uwTickFreq
                0x000000002000000c                . = ALIGN (0x4)
 *fill*         0x0000000020000009        0x3 
                0x000000002000000c                _edata = .

.igot.plt       0x000000002000000c        0x0 load address 0x0000000008002638
 .igot.plt      0x000000002000000c        0x0 /Applications/STM32CubeIDE.app/Contents/Eclipse/plugins/com.st.stm32cube.ide.mcu.externaltools.gnu-tools-for-stm32.7-2018-q2-update.macos64_1.4.0.202007081208/tools/bin/../lib/gcc/arm-none-eabi/7.3.1/thumb/v7e-m/fpv4-sp/hard/crtbegin.o
                0x000000002000000c                . = ALIGN (0x4)

.bss            0x000000002000000c       0xbc load address 0x0000000008002638
                0x000000002000000c                _sbss = .
                0x000000002000000c                __bss_start__ = _sbss
 *(.bss)
 .bss           0x000000002000000c       0x1c /Applications/STM32CubeIDE.app/Contents/Eclipse/plugins/com.st.stm32cube.ide.mcu.externaltools.gnu-tools-for-stm32.7-2018-q2-update.macos64_1.4.0.202007081208/tools/bin/../lib/gcc/arm-none-eabi/7.3.1/thumb/v7e-m/fpv4-sp/hard/crtbegin.o
 *(.bss*)
 .bss.huart     0x0000000020000028        0x4 external/CC1120/cc1120.o
                0x0000000020000028                huart
 *(COMMON)
 COMMON         0x000000002000002c       0x98 Core/Src/main.o
                0x000000002000002c                hspi2
                0x0000000020000084                huart2
 COMMON         0x00000000200000c4        0x4 Drivers/STM32F4xx_HAL_Driver/Src/stm32f4xx_hal.o
                0x00000000200000c4                uwTick
                0x00000000200000c8                . = ALIGN (0x4)
                0x00000000200000c8                _ebss = .
                0x00000000200000c8                __bss_end__ = _ebss

._user_heap_stack
                0x00000000200000c8      0x600 load address 0x0000000008002638
                0x00000000200000c8                . = ALIGN (0x8)
                [!provide]                        PROVIDE (end = .)
                0x00000000200000c8                PROVIDE (_end = .)
                0x00000000200002c8                . = (. + _Min_Heap_Size)
 *fill*         0x00000000200000c8      0x200 
                0x00000000200006c8                . = (. + _Min_Stack_Size)
 *fill*         0x00000000200002c8      0x400 
                0x00000000200006c8                . = ALIGN (0x8)

/DISCARD/
 libc.a(*)
 libm.a(*)
 libgcc.a(*)

.ARM.attributes
                0x0000000000000000       0x30
 *(.ARM.attributes)
 .ARM.attributes
                0x0000000000000000       0x22 /Applications/STM32CubeIDE.app/Contents/Eclipse/plugins/com.st.stm32cube.ide.mcu.externaltools.gnu-tools-for-stm32.7-2018-q2-update.macos64_1.4.0.202007081208/tools/bin/../lib/gcc/arm-none-eabi/7.3.1/thumb/v7e-m/fpv4-sp/hard/crti.o
 .ARM.attributes
                0x0000000000000022       0x34 /Applications/STM32CubeIDE.app/Contents/Eclipse/plugins/com.st.stm32cube.ide.mcu.externaltools.gnu-tools-for-stm32.7-2018-q2-update.macos64_1.4.0.202007081208/tools/bin/../lib/gcc/arm-none-eabi/7.3.1/thumb/v7e-m/fpv4-sp/hard/crtbegin.o
 .ARM.attributes
                0x0000000000000056       0x39 Core/Src/main.o
 .ARM.attributes
                0x000000000000008f       0x39 Core/Src/stm32f4xx_hal_msp.o
 .ARM.attributes
                0x00000000000000c8       0x39 Core/Src/stm32f4xx_it.o
 .ARM.attributes
                0x0000000000000101       0x39 Core/Src/system_stm32f4xx.o
 .ARM.attributes
                0x000000000000013a       0x21 Core/Startup/startup_stm32f446retx.o
 .ARM.attributes
                0x000000000000015b       0x39 Drivers/STM32F4xx_HAL_Driver/Src/stm32f4xx_hal.o
 .ARM.attributes
                0x0000000000000194       0x39 Drivers/STM32F4xx_HAL_Driver/Src/stm32f4xx_hal_cortex.o
 .ARM.attributes
                0x00000000000001cd       0x39 Drivers/STM32F4xx_HAL_Driver/Src/stm32f4xx_hal_gpio.o
 .ARM.attributes
                0x0000000000000206       0x39 Drivers/STM32F4xx_HAL_Driver/Src/stm32f4xx_hal_rcc.o
 .ARM.attributes
                0x000000000000023f       0x39 Drivers/STM32F4xx_HAL_Driver/Src/stm32f4xx_hal_rcc_ex.o
 .ARM.attributes
                0x0000000000000278       0x39 Drivers/STM32F4xx_HAL_Driver/Src/stm32f4xx_hal_spi.o
 .ARM.attributes
                0x00000000000002b1       0x39 Drivers/STM32F4xx_HAL_Driver/Src/stm32f4xx_hal_uart.o
 .ARM.attributes
                0x00000000000002ea       0x39 external/CC1120/cc1120.o
 .ARM.attributes
                0x0000000000000323       0x34 /Applications/STM32CubeIDE.app/Contents/Eclipse/plugins/com.st.stm32cube.ide.mcu.externaltools.gnu-tools-for-stm32.7-2018-q2-update.macos64_1.4.0.202007081208/tools/bin/../lib/gcc/arm-none-eabi/7.3.1/../../../../arm-none-eabi/lib/thumb/v7e-m/fpv4-sp/hard/libc_nano.a(lib_a-init.o)
 .ARM.attributes
                0x0000000000000357       0x34 /Applications/STM32CubeIDE.app/Contents/Eclipse/plugins/com.st.stm32cube.ide.mcu.externaltools.gnu-tools-for-stm32.7-2018-q2-update.macos64_1.4.0.202007081208/tools/bin/../lib/gcc/arm-none-eabi/7.3.1/../../../../arm-none-eabi/lib/thumb/v7e-m/fpv4-sp/hard/libc_nano.a(lib_a-memset.o)
 .ARM.attributes
                0x000000000000038b       0x1b /Applications/STM32CubeIDE.app/Contents/Eclipse/plugins/com.st.stm32cube.ide.mcu.externaltools.gnu-tools-for-stm32.7-2018-q2-update.macos64_1.4.0.202007081208/tools/bin/../lib/gcc/arm-none-eabi/7.3.1/../../../../arm-none-eabi/lib/thumb/v7e-m/fpv4-sp/hard/libc_nano.a(lib_a-strlen.o)
 .ARM.attributes
                0x00000000000003a6       0x22 /Applications/STM32CubeIDE.app/Contents/Eclipse/plugins/com.st.stm32cube.ide.mcu.externaltools.gnu-tools-for-stm32.7-2018-q2-update.macos64_1.4.0.202007081208/tools/bin/../lib/gcc/arm-none-eabi/7.3.1/thumb/v7e-m/fpv4-sp/hard/libgcc.a(_aeabi_uldivmod.o)
 .ARM.attributes
                0x00000000000003c8       0x34 /Applications/STM32CubeIDE.app/Contents/Eclipse/plugins/com.st.stm32cube.ide.mcu.externaltools.gnu-tools-for-stm32.7-2018-q2-update.macos64_1.4.0.202007081208/tools/bin/../lib/gcc/arm-none-eabi/7.3.1/thumb/v7e-m/fpv4-sp/hard/libgcc.a(_udivmoddi4.o)
 .ARM.attributes
                0x00000000000003fc       0x22 /Applications/STM32CubeIDE.app/Contents/Eclipse/plugins/com.st.stm32cube.ide.mcu.externaltools.gnu-tools-for-stm32.7-2018-q2-update.macos64_1.4.0.202007081208/tools/bin/../lib/gcc/arm-none-eabi/7.3.1/thumb/v7e-m/fpv4-sp/hard/libgcc.a(_dvmd_tls.o)
 .ARM.attributes
                0x000000000000041e       0x22 /Applications/STM32CubeIDE.app/Contents/Eclipse/plugins/com.st.stm32cube.ide.mcu.externaltools.gnu-tools-for-stm32.7-2018-q2-update.macos64_1.4.0.202007081208/tools/bin/../lib/gcc/arm-none-eabi/7.3.1/thumb/v7e-m/fpv4-sp/hard/crtn.o
OUTPUT(NUCLEO-F4446RE-CC1120.elf elf32-littlearm)

.debug_info     0x0000000000000000     0x9088
 .debug_info    0x0000000000000000     0x1637 Core/Src/main.o
 .debug_info    0x0000000000001637      0xc5d Core/Src/stm32f4xx_hal_msp.o
 .debug_info    0x0000000000002294      0x20a Core/Src/stm32f4xx_it.o
 .debug_info    0x000000000000249e      0x588 Core/Src/system_stm32f4xx.o
 .debug_info    0x0000000000002a26       0x22 Core/Startup/startup_stm32f446retx.o
 .debug_info    0x0000000000002a48      0x997 Drivers/STM32F4xx_HAL_Driver/Src/stm32f4xx_hal.o
 .debug_info    0x00000000000033df      0xe46 Drivers/STM32F4xx_HAL_Driver/Src/stm32f4xx_hal_cortex.o
 .debug_info    0x0000000000004225      0x803 Drivers/STM32F4xx_HAL_Driver/Src/stm32f4xx_hal_gpio.o
 .debug_info    0x0000000000004a28      0x944 Drivers/STM32F4xx_HAL_Driver/Src/stm32f4xx_hal_rcc.o
 .debug_info    0x000000000000536c      0x9d5 Drivers/STM32F4xx_HAL_Driver/Src/stm32f4xx_hal_rcc_ex.o
 .debug_info    0x0000000000005d41     0x163a Drivers/STM32F4xx_HAL_Driver/Src/stm32f4xx_hal_spi.o
 .debug_info    0x000000000000737b     0x124c Drivers/STM32F4xx_HAL_Driver/Src/stm32f4xx_hal_uart.o
 .debug_info    0x00000000000085c7      0xac1 external/CC1120/cc1120.o

.debug_abbrev   0x0000000000000000     0x16ba
 .debug_abbrev  0x0000000000000000      0x241 Core/Src/main.o
 .debug_abbrev  0x0000000000000241      0x18c Core/Src/stm32f4xx_hal_msp.o
 .debug_abbrev  0x00000000000003cd       0xc6 Core/Src/stm32f4xx_it.o
 .debug_abbrev  0x0000000000000493      0x12b Core/Src/system_stm32f4xx.o
 .debug_abbrev  0x00000000000005be       0x12 Core/Startup/startup_stm32f446retx.o
 .debug_abbrev  0x00000000000005d0      0x1c7 Drivers/STM32F4xx_HAL_Driver/Src/stm32f4xx_hal.o
 .debug_abbrev  0x0000000000000797      0x2fa Drivers/STM32F4xx_HAL_Driver/Src/stm32f4xx_hal_cortex.o
 .debug_abbrev  0x0000000000000a91      0x1c9 Drivers/STM32F4xx_HAL_Driver/Src/stm32f4xx_hal_gpio.o
 .debug_abbrev  0x0000000000000c5a      0x245 Drivers/STM32F4xx_HAL_Driver/Src/stm32f4xx_hal_rcc.o
 .debug_abbrev  0x0000000000000e9f      0x1bc Drivers/STM32F4xx_HAL_Driver/Src/stm32f4xx_hal_rcc_ex.o
 .debug_abbrev  0x000000000000105b      0x240 Drivers/STM32F4xx_HAL_Driver/Src/stm32f4xx_hal_spi.o
 .debug_abbrev  0x000000000000129b      0x242 Drivers/STM32F4xx_HAL_Driver/Src/stm32f4xx_hal_uart.o
 .debug_abbrev  0x00000000000014dd      0x1dd external/CC1120/cc1120.o

.debug_aranges  0x0000000000000000      0x888
 .debug_aranges
                0x0000000000000000       0x48 Core/Src/main.o
 .debug_aranges
                0x0000000000000048       0x40 Core/Src/stm32f4xx_hal_msp.o
 .debug_aranges
                0x0000000000000088       0x60 Core/Src/stm32f4xx_it.o
 .debug_aranges
                0x00000000000000e8       0x28 Core/Src/system_stm32f4xx.o
 .debug_aranges
                0x0000000000000110       0x28 Core/Startup/startup_stm32f446retx.o
 .debug_aranges
                0x0000000000000138       0xf0 Drivers/STM32F4xx_HAL_Driver/Src/stm32f4xx_hal.o
 .debug_aranges
                0x0000000000000228      0x118 Drivers/STM32F4xx_HAL_Driver/Src/stm32f4xx_hal_cortex.o
 .debug_aranges
                0x0000000000000340       0x58 Drivers/STM32F4xx_HAL_Driver/Src/stm32f4xx_hal_gpio.o
 .debug_aranges
                0x0000000000000398       0x88 Drivers/STM32F4xx_HAL_Driver/Src/stm32f4xx_hal_rcc.o
 .debug_aranges
                0x0000000000000420       0x78 Drivers/STM32F4xx_HAL_Driver/Src/stm32f4xx_hal_rcc_ex.o
 .debug_aranges
                0x0000000000000498      0x1d0 Drivers/STM32F4xx_HAL_Driver/Src/stm32f4xx_hal_spi.o
 .debug_aranges
                0x0000000000000668      0x1d0 Drivers/STM32F4xx_HAL_Driver/Src/stm32f4xx_hal_uart.o
 .debug_aranges
                0x0000000000000838       0x50 external/CC1120/cc1120.o

.debug_ranges   0x0000000000000000      0x7c0
 .debug_ranges  0x0000000000000000       0x38 Core/Src/main.o
 .debug_ranges  0x0000000000000038       0x30 Core/Src/stm32f4xx_hal_msp.o
 .debug_ranges  0x0000000000000068       0x50 Core/Src/stm32f4xx_it.o
 .debug_ranges  0x00000000000000b8       0x18 Core/Src/system_stm32f4xx.o
 .debug_ranges  0x00000000000000d0       0x20 Core/Startup/startup_stm32f446retx.o
 .debug_ranges  0x00000000000000f0       0xe0 Drivers/STM32F4xx_HAL_Driver/Src/stm32f4xx_hal.o
 .debug_ranges  0x00000000000001d0      0x108 Drivers/STM32F4xx_HAL_Driver/Src/stm32f4xx_hal_cortex.o
 .debug_ranges  0x00000000000002d8       0x48 Drivers/STM32F4xx_HAL_Driver/Src/stm32f4xx_hal_gpio.o
 .debug_ranges  0x0000000000000320       0x78 Drivers/STM32F4xx_HAL_Driver/Src/stm32f4xx_hal_rcc.o
 .debug_ranges  0x0000000000000398       0x68 Drivers/STM32F4xx_HAL_Driver/Src/stm32f4xx_hal_rcc_ex.o
 .debug_ranges  0x0000000000000400      0x1c0 Drivers/STM32F4xx_HAL_Driver/Src/stm32f4xx_hal_spi.o
 .debug_ranges  0x00000000000005c0      0x1c0 Drivers/STM32F4xx_HAL_Driver/Src/stm32f4xx_hal_uart.o
 .debug_ranges  0x0000000000000780       0x40 external/CC1120/cc1120.o

.debug_macro    0x0000000000000000    0x2128d
 .debug_macro   0x0000000000000000      0x363 Core/Src/main.o
 .debug_macro   0x0000000000000363      0xa5a Core/Src/main.o
 .debug_macro   0x0000000000000dbd      0x294 Core/Src/main.o
 .debug_macro   0x0000000000001051       0x2e Core/Src/main.o
 .debug_macro   0x000000000000107f       0x28 Core/Src/main.o
 .debug_macro   0x00000000000010a7       0x22 Core/Src/main.o
 .debug_macro   0x00000000000010c9       0x8e Core/Src/main.o
 .debug_macro   0x0000000000001157       0x51 Core/Src/main.o
 .debug_macro   0x00000000000011a8       0xef Core/Src/main.o
 .debug_macro   0x0000000000001297       0x6a Core/Src/main.o
 .debug_macro   0x0000000000001301      0x1df Core/Src/main.o
 .debug_macro   0x00000000000014e0       0x1c Core/Src/main.o
 .debug_macro   0x00000000000014fc       0x22 Core/Src/main.o
 .debug_macro   0x000000000000151e       0xdf Core/Src/main.o
 .debug_macro   0x00000000000015fd     0x102d Core/Src/main.o
 .debug_macro   0x000000000000262a      0x11f Core/Src/main.o
 .debug_macro   0x0000000000002749    0x1672d Core/Src/main.o
 .debug_macro   0x0000000000018e76       0x43 Core/Src/main.o
 .debug_macro   0x0000000000018eb9     0x3659 Core/Src/main.o
 .debug_macro   0x000000000001c512      0x174 Core/Src/main.o
 .debug_macro   0x000000000001c686       0x5a Core/Src/main.o
 .debug_macro   0x000000000001c6e0      0xc90 Core/Src/main.o
 .debug_macro   0x000000000001d370      0x9fe Core/Src/main.o
 .debug_macro   0x000000000001dd6e      0x117 Core/Src/main.o
 .debug_macro   0x000000000001de85      0x1a0 Core/Src/main.o
 .debug_macro   0x000000000001e025       0x27 Core/Src/main.o
 .debug_macro   0x000000000001e04c      0x16d Core/Src/main.o
 .debug_macro   0x000000000001e1b9      0x287 Core/Src/main.o
 .debug_macro   0x000000000001e440       0x5f Core/Src/main.o
 .debug_macro   0x000000000001e49f      0x236 Core/Src/main.o
 .debug_macro   0x000000000001e6d5      0x132 Core/Src/main.o
 .debug_macro   0x000000000001e807      0x29c Core/Src/main.o
 .debug_macro   0x000000000001eaa3       0x2e Core/Src/main.o
 .debug_macro   0x000000000001ead1      0x11a Core/Src/main.o
 .debug_macro   0x000000000001ebeb       0xe8 Core/Src/main.o
 .debug_macro   0x000000000001ecd3       0x89 Core/Src/main.o
 .debug_macro   0x000000000001ed5c      0x225 Core/Src/main.o
 .debug_macro   0x000000000001ef81      0x287 Core/Src/main.o
 .debug_macro   0x000000000001f208      0x126 Core/Src/main.o
 .debug_macro   0x000000000001f32e       0x58 Core/Src/main.o
 .debug_macro   0x000000000001f386       0x46 Core/Src/main.o
 .debug_macro   0x000000000001f3cc       0x18 Core/Src/main.o
 .debug_macro   0x000000000001f3e4       0x3c Core/Src/main.o
 .debug_macro   0x000000000001f420       0x34 Core/Src/main.o
 .debug_macro   0x000000000001f454       0x16 Core/Src/main.o
 .debug_macro   0x000000000001f46a       0x35 Core/Src/main.o
 .debug_macro   0x000000000001f49f      0x32a Core/Src/main.o
 .debug_macro   0x000000000001f7c9       0x10 Core/Src/main.o
 .debug_macro   0x000000000001f7d9       0x52 Core/Src/main.o
 .debug_macro   0x000000000001f82b       0x1f Core/Src/main.o
 .debug_macro   0x000000000001f84a       0x43 Core/Src/main.o
 .debug_macro   0x000000000001f88d       0x20 Core/Src/main.o
 .debug_macro   0x000000000001f8ad      0x1a3 Core/Src/main.o
 .debug_macro   0x000000000001fa50       0x10 Core/Src/main.o
 .debug_macro   0x000000000001fa60       0x1c Core/Src/main.o
 .debug_macro   0x000000000001fa7c       0x52 Core/Src/main.o
 .debug_macro   0x000000000001face       0x40 Core/Src/main.o
 .debug_macro   0x000000000001fb0e       0x10 Core/Src/main.o
 .debug_macro   0x000000000001fb1e       0x40 Core/Src/main.o
 .debug_macro   0x000000000001fb5e       0xd7 Core/Src/main.o
 .debug_macro   0x000000000001fc35       0x1c Core/Src/main.o
 .debug_macro   0x000000000001fc51       0x3d Core/Src/main.o
 .debug_macro   0x000000000001fc8e       0x16 Core/Src/main.o
 .debug_macro   0x000000000001fca4      0x145 Core/Src/main.o
 .debug_macro   0x000000000001fde9       0x16 Core/Src/main.o
 .debug_macro   0x000000000001fdff       0x20 Core/Src/main.o
 .debug_macro   0x000000000001fe1f      0x1d3 Core/Src/stm32f4xx_hal_msp.o
 .debug_macro   0x000000000001fff2      0x1dd Core/Src/stm32f4xx_it.o
 .debug_macro   0x00000000000201cf      0x1ca Core/Src/system_stm32f4xx.o
 .debug_macro   0x0000000000020399      0x224 Drivers/STM32F4xx_HAL_Driver/Src/stm32f4xx_hal.o
 .debug_macro   0x00000000000205bd      0x1c4 Drivers/STM32F4xx_HAL_Driver/Src/stm32f4xx_hal_cortex.o
 .debug_macro   0x0000000000020781      0x1fa Drivers/STM32F4xx_HAL_Driver/Src/stm32f4xx_hal_gpio.o
 .debug_macro   0x000000000002097b      0x1e8 Drivers/STM32F4xx_HAL_Driver/Src/stm32f4xx_hal_rcc.o
 .debug_macro   0x0000000000020b63      0x1c4 Drivers/STM32F4xx_HAL_Driver/Src/stm32f4xx_hal_rcc_ex.o
 .debug_macro   0x0000000000020d27      0x1d3 Drivers/STM32F4xx_HAL_Driver/Src/stm32f4xx_hal_spi.o
 .debug_macro   0x0000000000020efa      0x1c5 Drivers/STM32F4xx_HAL_Driver/Src/stm32f4xx_hal_uart.o
 .debug_macro   0x00000000000210bf      0x1ce external/CC1120/cc1120.o

.debug_line     0x0000000000000000     0x77ac
 .debug_line    0x0000000000000000      0x9f2 Core/Src/main.o
 .debug_line    0x00000000000009f2      0x736 Core/Src/stm32f4xx_hal_msp.o
 .debug_line    0x0000000000001128      0x77b Core/Src/stm32f4xx_it.o
 .debug_line    0x00000000000018a3      0x6f2 Core/Src/system_stm32f4xx.o
 .debug_line    0x0000000000001f95       0x85 Core/Startup/startup_stm32f446retx.o
 .debug_line    0x000000000000201a      0x8dc Drivers/STM32F4xx_HAL_Driver/Src/stm32f4xx_hal.o
 .debug_line    0x00000000000028f6      0xa00 Drivers/STM32F4xx_HAL_Driver/Src/stm32f4xx_hal_cortex.o
 .debug_line    0x00000000000032f6      0x8a7 Drivers/STM32F4xx_HAL_Driver/Src/stm32f4xx_hal_gpio.o
 .debug_line    0x0000000000003b9d      0x934 Drivers/STM32F4xx_HAL_Driver/Src/stm32f4xx_hal_rcc.o
 .debug_line    0x00000000000044d1      0xac5 Drivers/STM32F4xx_HAL_Driver/Src/stm32f4xx_hal_rcc_ex.o
 .debug_line    0x0000000000004f96     0x1098 Drivers/STM32F4xx_HAL_Driver/Src/stm32f4xx_hal_spi.o
 .debug_line    0x000000000000602e      0xfea Drivers/STM32F4xx_HAL_Driver/Src/stm32f4xx_hal_uart.o
 .debug_line    0x0000000000007018      0x794 external/CC1120/cc1120.o

.debug_str      0x0000000000000000    0xc98ad
 .debug_str     0x0000000000000000    0xc73dc Core/Src/main.o
                                      0xc774e (size before relaxing)
 .debug_str     0x00000000000c73dc       0x7d Core/Src/stm32f4xx_hal_msp.o
                                      0xc348e (size before relaxing)
 .debug_str     0x00000000000c7459       0xbd Core/Src/stm32f4xx_it.o
                                      0xc2da4 (size before relaxing)
 .debug_str     0x00000000000c7516       0xc4 Core/Src/system_stm32f4xx.o
                                      0xc2d9c (size before relaxing)
 .debug_str     0x00000000000c75da       0x36 Core/Startup/startup_stm32f446retx.o
                                         0x7b (size before relaxing)
 .debug_str     0x00000000000c7610      0xa8f Drivers/STM32F4xx_HAL_Driver/Src/stm32f4xx_hal.o
                                      0xc38aa (size before relaxing)
 .debug_str     0x00000000000c809f      0x399 Drivers/STM32F4xx_HAL_Driver/Src/stm32f4xx_hal_cortex.o
                                      0xc3674 (size before relaxing)
 .debug_str     0x00000000000c8438      0x20c Drivers/STM32F4xx_HAL_Driver/Src/stm32f4xx_hal_gpio.o
                                      0xc2fdb (size before relaxing)
 .debug_str     0x00000000000c8644      0x259 Drivers/STM32F4xx_HAL_Driver/Src/stm32f4xx_hal_rcc.o
                                      0xc318e (size before relaxing)
 .debug_str     0x00000000000c889d      0x324 Drivers/STM32F4xx_HAL_Driver/Src/stm32f4xx_hal_rcc_ex.o
                                      0xc31e0 (size before relaxing)
 .debug_str     0x00000000000c8bc1      0x565 Drivers/STM32F4xx_HAL_Driver/Src/stm32f4xx_hal_spi.o
                                      0xc35e5 (size before relaxing)
 .debug_str     0x00000000000c9126      0x50d Drivers/STM32F4xx_HAL_Driver/Src/stm32f4xx_hal_uart.o
                                      0xc35c3 (size before relaxing)
 .debug_str     0x00000000000c9633      0x27a external/CC1120/cc1120.o
                                      0xc33e7 (size before relaxing)

.comment        0x0000000000000000       0x7b
 .comment       0x0000000000000000       0x7b Core/Src/main.o
                                         0x7c (size before relaxing)
 .comment       0x000000000000007b       0x7c Core/Src/stm32f4xx_hal_msp.o
 .comment       0x000000000000007b       0x7c Core/Src/stm32f4xx_it.o
 .comment       0x000000000000007b       0x7c Core/Src/system_stm32f4xx.o
 .comment       0x000000000000007b       0x7c Drivers/STM32F4xx_HAL_Driver/Src/stm32f4xx_hal.o
 .comment       0x000000000000007b       0x7c Drivers/STM32F4xx_HAL_Driver/Src/stm32f4xx_hal_cortex.o
 .comment       0x000000000000007b       0x7c Drivers/STM32F4xx_HAL_Driver/Src/stm32f4xx_hal_gpio.o
 .comment       0x000000000000007b       0x7c Drivers/STM32F4xx_HAL_Driver/Src/stm32f4xx_hal_rcc.o
 .comment       0x000000000000007b       0x7c Drivers/STM32F4xx_HAL_Driver/Src/stm32f4xx_hal_rcc_ex.o
 .comment       0x000000000000007b       0x7c Drivers/STM32F4xx_HAL_Driver/Src/stm32f4xx_hal_spi.o
 .comment       0x000000000000007b       0x7c Drivers/STM32F4xx_HAL_Driver/Src/stm32f4xx_hal_uart.o
 .comment       0x000000000000007b       0x7c external/CC1120/cc1120.o

.debug_frame    0x0000000000000000     0x2254
 .debug_frame   0x0000000000000000       0xd4 Core/Src/main.o
 .debug_frame   0x00000000000000d4       0xc4 Core/Src/stm32f4xx_hal_msp.o
 .debug_frame   0x0000000000000198      0x10c Core/Src/stm32f4xx_it.o
 .debug_frame   0x00000000000002a4       0x58 Core/Src/system_stm32f4xx.o
 .debug_frame   0x00000000000002fc      0x374 Drivers/STM32F4xx_HAL_Driver/Src/stm32f4xx_hal.o
 .debug_frame   0x0000000000000670      0x498 Drivers/STM32F4xx_HAL_Driver/Src/stm32f4xx_hal_cortex.o
 .debug_frame   0x0000000000000b08      0x14c Drivers/STM32F4xx_HAL_Driver/Src/stm32f4xx_hal_gpio.o
 .debug_frame   0x0000000000000c54      0x1f0 Drivers/STM32F4xx_HAL_Driver/Src/stm32f4xx_hal_rcc.o
 .debug_frame   0x0000000000000e44      0x1e0 Drivers/STM32F4xx_HAL_Driver/Src/stm32f4xx_hal_rcc_ex.o
 .debug_frame   0x0000000000001024      0x824 Drivers/STM32F4xx_HAL_Driver/Src/stm32f4xx_hal_spi.o
 .debug_frame   0x0000000000001848      0x844 Drivers/STM32F4xx_HAL_Driver/Src/stm32f4xx_hal_uart.o
 .debug_frame   0x000000000000208c      0x11c external/CC1120/cc1120.o
 .debug_frame   0x00000000000021a8       0x2c /Applications/STM32CubeIDE.app/Contents/Eclipse/plugins/com.st.stm32cube.ide.mcu.externaltools.gnu-tools-for-stm32.7-2018-q2-update.macos64_1.4.0.202007081208/tools/bin/../lib/gcc/arm-none-eabi/7.3.1/../../../../arm-none-eabi/lib/thumb/v7e-m/fpv4-sp/hard/libc_nano.a(lib_a-init.o)
 .debug_frame   0x00000000000021d4       0x20 /Applications/STM32CubeIDE.app/Contents/Eclipse/plugins/com.st.stm32cube.ide.mcu.externaltools.gnu-tools-for-stm32.7-2018-q2-update.macos64_1.4.0.202007081208/tools/bin/../lib/gcc/arm-none-eabi/7.3.1/../../../../arm-none-eabi/lib/thumb/v7e-m/fpv4-sp/hard/libc_nano.a(lib_a-memset.o)
 .debug_frame   0x00000000000021f4       0x2c /Applications/STM32CubeIDE.app/Contents/Eclipse/plugins/com.st.stm32cube.ide.mcu.externaltools.gnu-tools-for-stm32.7-2018-q2-update.macos64_1.4.0.202007081208/tools/bin/../lib/gcc/arm-none-eabi/7.3.1/thumb/v7e-m/fpv4-sp/hard/libgcc.a(_aeabi_uldivmod.o)
 .debug_frame   0x0000000000002220       0x34 /Applications/STM32CubeIDE.app/Contents/Eclipse/plugins/com.st.stm32cube.ide.mcu.externaltools.gnu-tools-for-stm32.7-2018-q2-update.macos64_1.4.0.202007081208/tools/bin/../lib/gcc/arm-none-eabi/7.3.1/thumb/v7e-m/fpv4-sp/hard/libgcc.a(_udivmoddi4.o)
