00:29:01 **** Incremental Build of configuration Debug for project nucleo-f446re-cc1120 ****
make -j12 all 
arm-none-eabi-gcc "../Core/Src/main.c" -mcpu=cortex-m4 -std=gnu11 -g3 -DUSE_HAL_DRIVER -DSTM32F446xx -DDEBUG -c -I../Core/Inc -I../Drivers/STM32F4xx_HAL_Driver/Inc -I../Drivers/STM32F4xx_HAL_Driver/Inc/Legacy -I../Drivers/CMSIS/Device/ST/STM32F4xx/Include -I../Drivers/CMSIS/Include -I"C:/Users/seant/OneDrive/Documents/QSAT/CC1120/NUCLEO-F446RE-Workspace/NUCLEO-F446RE-CC1120/external/includes" -O0 -ffunction-sections -fdata-sections -Wall -fstack-usage -MMD -MP -MF"Core/Src/main.d" -MT"Core/Src/main.o" --specs=nano.specs -mfpu=fpv4-sp-d16 -mfloat-abi=hard -mthumb -o "Core/Src/main.o"
../Core/Src/main.c: In function 'tx_strobe':
../Core/Src/main.c:434:48: warning: cast to pointer from integer of different size [-Wint-to-pointer-cast]
  434 |  HAL_UART_Transmit(&huart2, tempRxData, strlen((char*) tempRxData), HAL_MAX_DELAY);
      |                                                ^
../Core/Src/main.c:434:29: warning: passing argument 2 of 'HAL_UART_Transmit' makes pointer from integer without a cast [-Wint-conversion]
  434 |  HAL_UART_Transmit(&huart2, tempRxData, strlen((char*) tempRxData), HAL_MAX_DELAY);
      |                             ^~~~~~~~~~
      |                             |
      |                             uint8 {aka unsigned char}
In file included from ../Core/Inc/stm32f4xx_hal_conf.h:404,
                 from ../Drivers/STM32F4xx_HAL_Driver/Inc/stm32f4xx_hal.h:30,
                 from C:/Users/seant/OneDrive/Documents/QSAT/CC1120/NUCLEO-F446RE-Workspace/NUCLEO-F446RE-CC1120/external/includes/uart_lib.h:7,
                 from ../Core/Src/main.c:21:
../Drivers/STM32F4xx_HAL_Driver/Inc/stm32f4xx_hal_uart.h:696:73: note: expected 'uint8_t *' {aka 'unsigned char *'} but argument is of type 'uint8' {aka 'unsigned char'}
  696 | HAL_StatusTypeDef HAL_UART_Transmit(UART_HandleTypeDef *huart, uint8_t *pData, uint16_t Size, uint32_t Timeout);
      |                                                                ~~~~~~~~~^~~~~
../Core/Src/main.c: In function 'rx_strobe':
../Core/Src/main.c:456:26: warning: passing argument 2 of 'HAL_SPI_Receive' from incompatible pointer type [-Wincompatible-pointer-types]
  456 |  HAL_SPI_Receive(&hspi2, &state, 1, HAL_MAX_DELAY);
      |                          ^~~~~~
      |                          |
      |                          uint8 ** {aka unsigned char **}
In file included from ../Core/Inc/stm32f4xx_hal_conf.h:396,
                 from ../Drivers/STM32F4xx_HAL_Driver/Inc/stm32f4xx_hal.h:30,
                 from C:/Users/seant/OneDrive/Documents/QSAT/CC1120/NUCLEO-F446RE-Workspace/NUCLEO-F446RE-CC1120/external/includes/uart_lib.h:7,
                 from ../Core/Src/main.c:21:
../Drivers/STM32F4xx_HAL_Driver/Inc/stm32f4xx_hal_spi.h:667:69: note: expected 'uint8_t *' {aka 'unsigned char *'} but argument is of type 'uint8 **' {aka 'unsigned char **'}
  667 | HAL_StatusTypeDef HAL_SPI_Receive(SPI_HandleTypeDef *hspi, uint8_t *pData, uint16_t Size, uint32_t Timeout);
      |                                                            ~~~~~~~~~^~~~~
../Core/Src/main.c:463:29: warning: passing argument 2 of 'HAL_UART_Transmit' from incompatible pointer type [-Wincompatible-pointer-types]
  463 |  HAL_UART_Transmit(&huart2, &state, strlen((char*) state), HAL_MAX_DELAY);
      |                             ^~~~~~
      |                             |
      |                             uint8 ** {aka unsigned char **}
In file included from ../Core/Inc/stm32f4xx_hal_conf.h:404,
                 from ../Drivers/STM32F4xx_HAL_Driver/Inc/stm32f4xx_hal.h:30,
                 from C:/Users/seant/OneDrive/Documents/QSAT/CC1120/NUCLEO-F446RE-Workspace/NUCLEO-F446RE-CC1120/external/includes/uart_lib.h:7,
                 from ../Core/Src/main.c:21:
../Drivers/STM32F4xx_HAL_Driver/Inc/stm32f4xx_hal_uart.h:696:73: note: expected 'uint8_t *' {aka 'unsigned char *'} but argument is of type 'uint8 **' {aka 'unsigned char **'}
  696 | HAL_StatusTypeDef HAL_UART_Transmit(UART_HandleTypeDef *huart, uint8_t *pData, uint16_t Size, uint32_t Timeout);
      |                                                                ~~~~~~~~~^~~~~
../Core/Src/main.c: In function 'read_marcstate':
../Core/Src/main.c:591:26: warning: passing argument 2 of 'HAL_SPI_Receive' from incompatible pointer type [-Wincompatible-pointer-types]
  591 |  HAL_SPI_Receive(&hspi2, &tempRxData, 1, HAL_MAX_DELAY);
      |                          ^~~~~~~~~~~
      |                          |
      |                          uint8 ** {aka unsigned char **}
In file included from ../Core/Inc/stm32f4xx_hal_conf.h:396,
                 from ../Drivers/STM32F4xx_HAL_Driver/Inc/stm32f4xx_hal.h:30,
                 from C:/Users/seant/OneDrive/Documents/QSAT/CC1120/NUCLEO-F446RE-Workspace/NUCLEO-F446RE-CC1120/external/includes/uart_lib.h:7,
                 from ../Core/Src/main.c:21:
../Drivers/STM32F4xx_HAL_Driver/Inc/stm32f4xx_hal_spi.h:667:69: note: expected 'uint8_t *' {aka 'unsigned char *'} but argument is of type 'uint8 **' {aka 'unsigned char **'}
  667 | HAL_StatusTypeDef HAL_SPI_Receive(SPI_HandleTypeDef *hspi, uint8_t *pData, uint16_t Size, uint32_t Timeout);
      |                                                            ~~~~~~~~~^~~~~
arm-none-eabi-g++ -o "nucleo-f446re-cc1120.elf" @"objects.list"   -mcpu=cortex-m4 -T"C:\Users\seant\OneDrive\Documents\QSAT\CC1120\NUCLEO-F446RE-Workspace\nucleo-f446re-cc1120\STM32F446RETX_FLASH.ld" --specs=nosys.specs -Wl,-Map="nucleo-f446re-cc1120.map" -Wl,--gc-sections -static --specs=nano.specs -mfpu=fpv4-sp-d16 -mfloat-abi=hard -mthumb -Wl,--start-group -lc -lm -lstdc++ -lsupc++ -Wl,--end-group
Finished building target: nucleo-f446re-cc1120.elf
 
arm-none-eabi-objdump -h -S  nucleo-f446re-cc1120.elf  > "nucleo-f446re-cc1120.list"
arm-none-eabi-objcopy  -O binary  nucleo-f446re-cc1120.elf  "nucleo-f446re-cc1120.bin"
arm-none-eabi-size   nucleo-f446re-cc1120.elf 
   text	   data	    bss	    dec	    hex	filename
  14456	     20	   1932	  16408	   4018	nucleo-f446re-cc1120.elf
Finished building: default.size.stdout
 
Finished building: nucleo-f446re-cc1120.bin
 
Finished building: nucleo-f446re-cc1120.list
 
00:29:14 **** Incremental Build of configuration Debug for project nucleo-f446re-cc1120 ****
make -j12 all 
arm-none-eabi-size   nucleo-f446re-cc1120.elf 
   text	   data	    bss	    dec	    hex	filename
  14456	     20	   1932	  16408	   4018	nucleo-f446re-cc1120.elf
Finished building: default.size.stdout
 
